Hello, Whale File System!